createMovie:
  request:
    url: ${baseUrl}/movies
    method: POST
    headers:
      Accept: application/json
      Content-Type: application/json
    body: |-
      {
        "credits": [
          {
            "name": "Alan Crosland",
            "role": "director"
          },
          {
            "name": "Warren William",
            "role": "actor"
          },
          {
            "name": "Mary Astor",
            "role": "actor"
          },
          {
            "name": "Allen Jenkins",
            "role": "actor"
          },
          {
            "name": "Grant Mitchell",
            "role": "actor"
          },
          {
            "name": "Helen Trenholme",
            "role": "actor"
          }
        ],
        "poster": "cothd.jpg",
        "title": "The Case of the Howling Dog",
        "webRef": {
          "ref": "tt0024958",
          "site": "imdb.com"
        },
        "year": 1934
      }
  response:
    status:
      code: 201
      message: Created
    headers:
      content-type: application/json; charset=utf-8
      location: ${baseUrl}/movies/435b30ad
    body: |-
      {
        "credits": [
          {
            "name": "Alan Crosland",
            "role": "director"
          },
          {
            "name": "Warren William",
            "role": "actor"
          },
          {
            "name": "Mary Astor",
            "role": "actor"
          },
          {
            "name": "Allen Jenkins",
            "role": "actor"
          },
          {
            "name": "Grant Mitchell",
            "role": "actor"
          },
          {
            "name": "Helen Trenholme",
            "role": "actor"
          }
        ],
        "id": "435b30ad",
        "poster": "cothd.jpg",
        "title": "The Case of the Howling Dog",
        "webRef": {
          "ref": "tt0024958",
          "site": "imdb.com"
        },
        "year": 1934
      }
updateMovie:
  request:
    url: ${baseUrl}/movies/${movieId}
    method: PATCH
    headers:
      Accept: application/json
      Content-Type: application/json
    body: |-
      {
        "rating": 5
      }
  response:
    status:
      code: 200
      message: OK
    headers:
      content-type: application/json; charset=utf-8
    body: |-
      {
        "status": {
          "code": 200,
          "message": "OK"
        }
      }
retrieveMovie:
  request:
    url: ${baseUrl}/movies/435b30ad
    method: GET
    headers:
      Accept: application/json
  response:
    status:
      code: 200
      message: OK
    headers:
      content-type: application/json; charset=utf-8
    body: |-
      {
        "credits": [
          {
            "name": "Alan Crosland",
            "role": "director"
          },
          {
            "name": "Warren William",
            "role": "actor"
          },
          {
            "name": "Mary Astor",
            "role": "actor"
          },
          {
            "name": "Allen Jenkins",
            "role": "actor"
          },
          {
            "name": "Grant Mitchell",
            "role": "actor"
          },
          {
            "name": "Helen Trenholme",
            "role": "actor"
          }
        ],
        "id": "435b30ad",
        "poster": "cothd.jpg",
        "rating": 5,
        "title": "The Case of the Howling Dog",
        "webRef": {
          "ref": "tt0024958",
          "site": "imdb.com"
        },
        "year": 1934
      }
deleteMovie:
  request:
    url: ${baseUrl}/movies/435b30ad
    method: DELETE
    headers:
      Accept: application/json
  response:
    status:
      code: 200
      message: OK
    headers:
      content-type: application/json; charset=utf-8
    body: |-
      {
        "status": {
          "code": 200,
          "message": "OK"
        }
      }
replaceMovie:
  request:
    url: ${baseUrl}/movies/435b30ad
    method: PUT
    headers:
      Accept: application/json
      Content-Type: application/json
    body: |-
      {
        "credits": [
          {
            "name": "Alan Crosland",
            "role": "director"
          },
          {
            "name": "Warren William",
            "role": "actor"
          },
          {
            "name": "Mary Astor",
            "role": "actor"
          },
          {
            "name": "Allen Jenkins",
            "role": "actor"
          },
          {
            "name": "Grant Mitchell",
            "role": "actor"
          },
          {
            "name": "Helen Trenholme",
            "role": "actor"
          }
        ],
        "id": "${id}",
        "poster": "cothd.jpg",
        "rating": 5,
        "title": "The Case of the Howling Dog",
        "webRef": {
          "ref": "tt0024958",
          "site": "imdb.com"
        },
        "year": 1934
      }
  response:
    status:
      code: 404
      message: Not Found
    headers:
      content-type: application/json; charset=utf-8
    body: |-
      {
        "status": {
          "code": 404,
          "message": "Movie not found: 435b30ad"
        }
      }
