createMovie:
  request:
    url: http://localhost:3000/movies
    method: POST
    headers:
      Accept: application/json
      Content-Type: application/json
    body: |-
      {
        "credits": [
          {
            "name": "${credits[0].name}",
            "role": "${credits[0].role}"
          },
          {
            "name": "${credits[1].name}",
            "role": "${credits[1].role}"
          },
          {
            "name": "${credits[2].name}",
            "role": "${credits[2].role}"
          },
          {
            "name": "${credits[3].name}",
            "role": "${credits[3].role}"
          },
          {
            "name": "${credits[4].name}",
            "role": "${credits[4].role}"
          },
          {
            "name": "${credits[5].name}",
            "role": "${credits[5].role}"
          }
        ],
        "poster": "${poster}",
        "rating": 5,
        "title": "${title}",
        "webRef": {
          "ref": "${webRef.ref}",
          "site": "${webRef.site}"
        },
        "year": 1931
      }
  response:
    status:
      code: 201
      message: Created
    headers:
      content-type: application/json; charset=utf-8
      location: http://localhost:3000/movies/60c731f
    body: |-
      {
        "credits": [
          {
            "name": "${credits[0].name}",
            "role": "${credits[0].role}"
          },
          {
            "name": "${credits[1].name}",
            "role": "${credits[1].role}"
          },
          {
            "name": "${credits[2].name}",
            "role": "${credits[2].role}"
          },
          {
            "name": "${credits[3].name}",
            "role": "${credits[3].role}"
          },
          {
            "name": "${credits[4].name}",
            "role": "${credits[4].role}"
          },
          {
            "name": "${credits[5].name}",
            "role": "${credits[5].role}"
          }
        ],
        "id": "60c731f",
        "poster": "${poster}",
        "rating": 5,
        "title": "${title}",
        "webRef": {
          "ref": "${webRef.ref}",
          "site": "${webRef.site}"
        },
        "year": 1931
      }
updateMovie:
  request:
    url: http://localhost:3000/movies/60c731f
    method: PATCH
    headers:
      Accept: application/json
      Content-Type: application/json
    body: |-
      {
        "rating": 4.5
      }
  response:
    status:
      code: 200
      message: OK
    headers:
      content-type: application/json; charset=utf-8
    body: |-
      {
        "status": {
          "code": 200,
          "message": "OK"
        }
      }
retrieveMovie:
  request:
    url: http://localhost:3000/movies/60c731f
    method: GET
    headers:
      Accept: application/json
  response:
    status:
      code: 200
      message: OK
    headers:
      content-type: application/json; charset=utf-8
    body: |-
      {
        "credits": [
          {
            "name": "${credits[0].name}",
            "role": "${credits[0].role}"
          },
          {
            "name": "${credits[1].name}",
            "role": "${credits[1].role}"
          },
          {
            "name": "${credits[2].name}",
            "role": "${credits[2].role}"
          },
          {
            "name": "${credits[3].name}",
            "role": "${credits[3].role}"
          },
          {
            "name": "${credits[4].name}",
            "role": "${credits[4].role}"
          },
          {
            "name": "${credits[5].name}",
            "role": "${credits[5].role}"
          }
        ],
        "id": "60c731f",
        "poster": "${poster}",
        "rating": 4.5,
        "title": "${title}",
        "webRef": {
          "ref": "${webRef.ref}",
          "site": "${webRef.site}"
        },
        "year": 1931
      }
deleteMovie:
  request:
    url: http://localhost:3000/movies/60c731f
    method: DELETE
    headers:
      Accept: application/json
  response:
    status:
      code: 200
      message: OK
    headers:
      content-type: application/json; charset=utf-8
    body: |-
      {
        "status": {
          "code": 200,
          "message": "OK"
        }
      }
