test: 'GET:movies?{query}'
request:
  url: '${base-url}/movies?${query}'  # value expressions
  method: GET
  headers:
    Accept: application/json
response:
  status:
    code: 200
    message: OK
  headers:
    content-type: application/json
  body: |-
    {
      "movies": [
        {
          "credits": [
            {
              "name": "James Whale",
              "role": "director"
            },
            {
              "name": "Boris Karloff",
              "role": "actor"
            },
            {
              "name": "Colin Clive",
              "role": "actor"
            },
            {
              "name": "Valerie Hobson",
              "role": "actor"
            },
            {
              "name": "Ernest Thesiger",
              "role": "actor"
            },
            {
              "name": "Dwight Frye",
              "role": "actor"
            }
          ],
          "description": "James Whale's poignant, horrifying, hilarious masterpiece demonstrates his genius and surpasses the original as a cathartic, visionary tour de force.",
          "id": "${~.*}",  # regular expression
          "poster": "tbof.jpg",
          "rating": 5,
          "title": "Bride of Frankenstein",
          "webRef": {
            "ref": "tt0026138",
            "site": "imdb.com"
          },
          "year": 1935
        }
      ]
    }
