test: create movie
request:
  url: '${base-url}/movies'
  method: POST
  headers:
    Accept: application/json
    Content-Type: application/json
  body: |-
    {
      "credits": [
        {
          "name": "Alan Crosland",
          "role": "director"
        },
        {
          "name": "Warren William",
          "role": "actor"
        },
        {
          "name": "Mary Astor",
          "role": "actor"
        },
        {
          "name": "Allen Jenkins",
          "role": "actor"
        },
        {
          "name": "Grant Mitchell",
          "role": "actor"
        },
        {
          "name": "Helen Trenholme",
          "role": "actor"
        }
      ],
      "poster": "cothd.jpg",
      "title": "The Case of the Howling Dog",
      "webRef": {
        "ref": "tt0024958",
        "site": "imdb.com"
      },
      "year": 1934
    }
response:
  status:
    code: 201
    message: Created
  headers:
    content-type: application/json
    location: '${base-url}/movies/${id}'
  body: |-
    {
      "credits": [
        {
          "name": "Alan Crosland",
          "role": "director"
        },
        {
          "name": "Warren William",
          "role": "actor"
        },
        {
          "name": "Mary Astor",
          "role": "actor"
        },
        {
          "name": "Allen Jenkins",
          "role": "actor"
        },
        {
          "name": "Grant Mitchell",
          "role": "actor"
        },
        {
          "name": "Helen Trenholme",
          "role": "actor"
        }
      ],
      "id": "${id}",
      "poster": "cothd.jpg",
      "title": "The Case of the Howling Dog",
      "webRef": {
        "ref": "tt0024958",
        "site": "imdb.com"
      },
      "year": 1934
    }
test: update rating
request:
  url: '${base-url}/movies/${id}'
  method: PUT
  headers:
    Accept: application/json
    Content-Type: application/json
  body: |-
    {
      "credits": [
        {
          "name": "Alan Crosland",
          "role": "director"
        },
        {
          "name": "Warren William",
          "role": "actor"
        },
        {
          "name": "Mary Astor",
          "role": "actor"
        },
        {
          "name": "Allen Jenkins",
          "role": "actor"
        },
        {
          "name": "Grant Mitchell",
          "role": "actor"
        },
        {
          "name": "Helen Trenholme",
          "role": "actor"
        }
      ],
      "id": "${id}",
      "poster": "cothd.jpg",
      "rating": ${rating},
      "title": "The Case of the Howling Dog",
      "webRef": {
        "ref": "tt0024958",
        "site": "imdb.com"
      },
      "year": 1934
    }
response:
  status:
    code: 200
    message: OK
  headers:
    content-type: application/json
  body: |-
    {
      "status": {
        "code": 200,
        "message": "Movie updated: ${id}"
      }
    }
test: confirm update
request:
  url: '${base-url}/movies/${id}'
  method: GET
  headers:
    Accept: application/json
response:
  status:
    code: 200
    message: OK
  headers:
    content-type: application/json
  body: |-
    {
      "credits": [
        {
          "name": "Alan Crosland",
          "role": "director"
        },
        {
          "name": "Warren William",
          "role": "actor"
        },
        {
          "name": "Mary Astor",
          "role": "actor"
        },
        {
          "name": "Allen Jenkins",
          "role": "actor"
        },
        {
          "name": "Grant Mitchell",
          "role": "actor"
        },
        {
          "name": "Helen Trenholme",
          "role": "actor"
        }
      ],
      "id": "${id}",
      "poster": "cothd.jpg",
      "rating": ${rating},
      "title": "The Case of the Howling Dog",
      "webRef": {
        "ref": "tt0024958",
        "site": "imdb.com"
      },
      "year": 1934
    }
test: delete movie
request:
  url: '${base-url}/movies/${id}'
  method: DELETE
  headers:
    Accept: application/json
response:
  status:
    code: 200
    message: OK
  headers:
    content-type: application/json
  body: |-
    {
      "status": {
        "code": 200,
        "message": "Movie deleted: ${id}"
      }
    }
test: confirm delete
request:
  url: '${base-url}/movies/${id}'
  method: GET
  headers:
    Accept: application/json
response:
  status:
    code: 404
    message: Not Found
  headers:
    content-type: application/json;charset=ISO-8859-1
  body: |-
    {
      "status": {
        "code": 404,
        "message": "Movie not found with id: ${id}"
      }
    }
