test: movies-query
request:
  url: '${base-url}/movies?${query}'
  method: GET
  headers:
    Accept: application/json
response:
  status:
    code: 200
    message: OK
  headers:
    content-type: application/json
  body: |-
    {
      "movies": [
        {
          "credits": [
            {
              "name": "Tod Browning",
              "role": "director"
            },
            {
              "name": "Bela Lugosi",
              "role": "actor"
            },
            {
              "name": "Helen Chandler",
              "role": "actor"
            },
            {
              "name": "David Manners",
              "role": "actor"
            },
            {
              "name": "Dwight Frye",
              "role": "actor"
            },
            {
              "name": "Edward Van Sloan",
              "role": "actor"
            }
          ],
          "description": "The only thing more amazing than Lugosi's out-of-body performance is the fact that the finest horror movie ever made was filmed within 2 years of the advent of talking pictures.",
          "id": "8f180e68",
          "poster": "drac.jpg",
          "rating": 5,
          "title": "Dracula",
          "webRef": {
            "ref": "tt0021814",
            "site": "imdb.com"
          },
          "year": 1931
        },
        {
          "credits": [
            {
              "name": "George B. Seitz",
              "role": "director"
            },
            {
              "name": "Warner Oland",
              "role": "actor"
            },
            {
              "name": "June Collyer",
              "role": "actor"
            },
            {
              "name": "Lloyd Hughes",
              "role": "actor"
            },
            {
              "name": "Clara Blandick",
              "role": "actor"
            },
            {
              "name": "Mischa Auer",
              "role": "actor"
            }
          ],
          "description": "Warner Oland is supremely menacing in the role of Dr. Boris Karlov (don't ask), and Mischa Auer is perfect as his devoted henchman in this tale of sinister vengeance wrought with a sadistic relish.",
          "id": "523df65",
          "poster": "tdoj.jpg",
          "rating": 4,
          "title": "The Drums of Jeopardy",
          "webRef": {
            "ref": "tt0021820",
            "site": "imdb.com"
          },
          "year": 1931
        },
        {
          "credits": [
            {
              "name": "James Whale",
              "role": "director"
            },
            {
              "name": "Boris Karloff",
              "role": "actor"
            },
            {
              "name": "Colin Clive",
              "role": "actor"
            },
            {
              "name": "Mae Clarke",
              "role": "actor"
            },
            {
              "name": "John Boles",
              "role": "actor"
            },
            {
              "name": "Dwight Frye",
              "role": "actor"
            }
          ],
          "description": "Frankenstein solidified Universal's place as the premier horror studio of the era, and stands as the definitive American take on the school of German Expressionism.",
          "id": "eec22a97",
          "poster": "frank.jpg",
          "rating": 5,
          "title": "Frankenstein",
          "webRef": {
            "ref": "tt0021884",
            "site": "imdb.com"
          },
          "year": 1931
        },
        {
          "credits": [
            {
              "name": "Fritz Lang",
              "role": "director"
            },
            {
              "name": "Peter Lorre",
              "role": "actor"
            },
            {
              "name": "Ellen Widmann",
              "role": "actor"
            },
            {
              "name": "Inge Landgut",
              "role": "actor"
            },
            {
              "name": "Otto Wernicke",
              "role": "actor"
            }
          ],
          "description": "Lang's enthrallingly suspenseful German thriller approaches its gut-wrenching subject matter with both honesty and sensitivity, avoiding simple moral outrage in favor of a more enlightened, yet all-the-more terrifying, perspective.",
          "id": "614d534",
          "poster": "m.jpg",
          "rating": 4,
          "title": "M",
          "webRef": {
            "ref": "tt0022100",
            "site": "imdb.com"
          },
          "year": 1931
        },
        {
          "credits": [
            {
              "name": "John S. Robertson",
              "role": "director"
            },
            {
              "name": "John Gilbert",
              "role": "actor"
            },
            {
              "name": "Leila Hyams",
              "role": "actor"
            },
            {
              "name": "Lewis Stone",
              "role": "actor"
            },
            {
              "name": "Jean Hersholt",
              "role": "actor"
            },
            {
              "name": "C. Aubrey Smith",
              "role": "actor"
            }
          ],
          "description": "An intense early talkie from MGM based on a book by Gaston Leroux, this thriller is eminently watchable for the performances, despite such far-fetched antics as the wrongly-accused John Gilbert hiding in a cellar for four years before switching identities with the real killer.",
          "id": "a975aa4a",
          "poster": "tpop.jpg",
          "rating": 4,
          "title": "The Phantom of Paris",
          "webRef": {
            "ref": "tt0022264",
            "site": "imdb.com"
          },
          "year": 1931
        },
        {
          "credits": [
            {
              "name": "Archie Mayo",
              "role": "director"
            },
            {
              "name": "John Barrymore",
              "role": "actor"
            },
            {
              "name": "Marian Marsh",
              "role": "actor"
            },
            {
              "name": "Donald Crisp",
              "role": "actor"
            },
            {
              "name": "Bramwell Fletcher",
              "role": "actor"
            }
          ],
          "description": "Brilliant overtones of German Expressionism, along with sharp dialog and stunning camera work distinguish this Gothic masterpiece, filmed when Barrymore was 49 years old and his leading lady Marian Marsh was just 17.",
          "id": "d815638b",
          "poster": "sv.jpg",
          "rating": 4.5,
          "title": "Svengali",
          "webRef": {
            "ref": "tt0022454",
            "site": "imdb.com"
          },
          "year": 1931
        }
      ]
    }
