GET by id:
  request:
    url: ${baseUrl}/movies/435b30ad
    method: GET
    headers: {}
  response:
    status:
      code: 200
      message: OK
    headers:
      content-type: application/json; charset=utf-8
    body: |-
      {
        "credits": [
          {
            "name": "Alan Crosland",
            "role": "director"
          },
          {
            "name": "Warren William",
            "role": "actor"
          },
          {
            "name": "Mary Astor",
            "role": "actor"
          },
          {
            "name": "Allen Jenkins",
            "role": "actor"
          },
          {
            "name": "Grant Mitchell",
            "role": "actor"
          },
          {
            "name": "Helen Trenholme",
            "role": "actor"
          }
        ],
        "id": "435b30ad",
        "poster": "cothd.jpg",
        "title": "The Case of the Howling Dog",
        "webRef": {
          "ref": "tt0024958",
          "site": "imdb.com"
        },
        "year": 1934
      }
DELETE by id: # not allowed on ply-ct.org
  request:
    url: ${baseUrl}/movies/435b30ad
    method: DELETE
    headers: {}
  response: # not allowed on ply-ct.org
    status:
      code: 405
      message: Method Not Allowed
    headers:
      content-type: application/json; charset=utf-8
    body: |-
      {
        "status": {
          "code": 405,
          "message": "Updates not allowed"
        }
      }
create: # not allowed on ply-ct.org
  request:
    url: ${baseUrl}/movies
    method: POST
    headers:
      Content-Type: application/json
    body: |-
      {
          "credits": [
          {
              "name": "Alan Crosland",
              "role": "director"
          },
          {
              "name": "Warren William",
              "role": "actor"
          },
          {
              "name": "Mary Astor",
              "role": "actor"
          },
          {
              "name": "Allen Jenkins",
              "role": "actor"
          },
          {
              "name": "Grant Mitchell",
              "role": "actor"
          },
          {
              "name": "Helen Trenholme",
              "role": "actor"
          }
          ],
          "poster": "cothd.jpg",
          "title": "The Case of the Howling Dog",
          "webRef": {
              "ref": "${webref}",
              "site": "imdb.com"
          },
          "year": 1934
      }
  response: # not allowed on ply-ct.org
    status:
      code: 405
      message: Method Not Allowed
    headers:
      content-type: application/json; charset=utf-8
    body: |-
      {
        "status": {
          "code": 405,
          "message": "Updates not allowed"
        }
      }
