test: 'POST:movies' # comments are ignored when comparing
request:
  url: '${base-url}/movies'
  method: POST
  headers:
    Accept: application/json
    Content-Type: application/json
  body: |-
    {
      "credits": [
        {
          "name": "Alan Crosland",
          "role": "director"
        },
        {
          "name": "Warren William",
          "role": "actor"
        },
        {
          "name": "Mary Astor",
          "role": "actor"
        },
        {
          "name": "Allen Jenkins",
          "role": "actor"
        },
        {
          "name": "Grant Mitchell",
          "role": "actor"
        },
        {
          "name": "Helen Trenholme",
          "role": "actor"
        }
      ],
      "poster": "cothd.jpg",
      "title": "The Case of the Howling Dog",
      "webRef": {
        "ref": "tt0024958",
        "site": "imdb.com"
      },
      "year": 1934
    }
response:
  status:
    code: 201
    message: Created
  headers:
    content-type: application/json
    location: 'https://limberest.io/demo/movies/435b30ad'
  body: |-
    {
      "credits": [
        {
          "name": "Alan Crosland",
          "role": "director"
        },
        {
          "name": "Warren William",
          "role": "actor"
        },
        {
          "name": "Mary Astor",
          "role": "actor"
        },
        {
          "name": "Allen Jenkins",
          "role": "actor"
        },
        {
          "name": "Grant Mitchell",
          "role": "actor"
        },
        {
          "name": "Helen Trenholme",
          "role": "actor"
        }
      ],
      "id": "${id}",
      "poster": "cothd.jpg",
      "title": "The Case of the Howling Dog",
      "webRef": {
        "ref": "tt0024958",
        "site": "imdb.com"
      },
      "year": 1934
    }