test: 'PUT:movies/{id}'
request:
  url: '${base-url}/movies/${id}'
  method: PUT
  headers:
    Accept: application/json
    Content-Type: application/json
  body: |-
    {
      "credits": [
        {
          "name": "Alan Crosland",
          "role": "director"
        },
        {
          "name": "Warren William",
          "role": "actor"
        },
        {
          "name": "Mary Astor",
          "role": "actor"
        },
        {
          "name": "Allen Jenkins",
          "role": "actor"
        },
        {
          "name": "Grant Mitchell",
          "role": "actor"
        },
        {
          "name": "Helen Trenholme",
          "role": "actor"
        }
      ],
      "id": "${id}",
      "poster": "cothd.jpg",
      "rating": ${rating},
      "title": "The Case of the Howling Dog",
      "webRef": {
        "ref": "tt0024958",
        "site": "imdb.com"
      },
      "year": 1934
    }
response:
  status:
    code: 200
    message: OK
  headers:
    content-type: application/json
  body: |-
    {
      "status": {
        "code": 200,
        "message": "Movie updated: ${id}"
      }
    }