Start:
  id: s1
  status: Completed
Create Movie:
  id: s3
  request:
    url: ${baseUrl}/movies
    method: POST
    headers:
      Accept: application/json
      Content-Type: application/json
    body: |-
      {
        "credits": [
          {
            "name": "${credits[0].name}",
            "role": "${credits[0].role}"
          },
          {
            "name": "${credits[1].name}",
            "role": "${credits[1].role}"
          },
          {
            "name": "${credits[2].name}",
            "role": "${credits[2].role}"
          },
          {
            "name": "${credits[3].name}",
            "role": "${credits[3].role}"
          },
          {
            "name": "${credits[4].name}",
            "role": "${credits[4].role}"
          },
          {
            "name": "${credits[5].name}",
            "role": "${credits[5].role}"
          }
        ],
        "poster": "${poster}",
        "rating": ${rating},
        "title": "${title}",
        "webRef": {
          "ref": "${webRef.ref}",
          "site": "${webRef.site}"
        },
        "year": ${year}
      }
  response:
    status:
      code: 201
      message: Created
    headers:
      content-type: application/json; charset=utf-8
    body: |-
      {
        "credits": [
          {
            "name": "${credits[0].name}",
            "role": "${credits[0].role}"
          },
          {
            "name": "${credits[1].name}",
            "role": "${credits[1].role}"
          },
          {
            "name": "${credits[2].name}",
            "role": "${credits[2].role}"
          },
          {
            "name": "${credits[3].name}",
            "role": "${credits[3].role}"
          },
          {
            "name": "${credits[4].name}",
            "role": "${credits[4].role}"
          },
          {
            "name": "${credits[5].name}",
            "role": "${credits[5].role}"
          }
        ],
        "id": "${~[0-9a-f]+}",
        "poster": "${poster}",
        "rating": ${rating},
        "title": "${title}",
        "webRef": {
          "ref": "${webRef.ref}",
          "site": "${webRef.site}"
        },
        "year": ${year}
      }
  status: Completed
Update Rating:
  id: s4
  request:
    url: ${baseUrl}/movies/${@s3.response.body.id}
    method: PATCH
    headers:
      Accept: application/json
      Content-Type: application/json
    body: |-
      {
        "rating": 4.5
      }
  response:
    status:
      code: 200
      message: OK
    headers:
      content-type: application/json; charset=utf-8
    body: |-
      {
        "status": {
          "code": 200,
          "message": "OK"
        }
      }
  status: Completed
Confirm Update:
  id: s5
  request:
    url: ${baseUrl}/movies/${@s3.response.body.id}
    method: GET
    headers:
      Accept: application/json
  response:
    status:
      code: 200
      message: OK
    headers:
      content-type: application/json; charset=utf-8
    body: |-
      {
        "credits": [
          {
            "name": "${credits[0].name}",
            "role": "${credits[0].role}"
          },
          {
            "name": "${credits[1].name}",
            "role": "${credits[1].role}"
          },
          {
            "name": "${credits[2].name}",
            "role": "${credits[2].role}"
          },
          {
            "name": "${credits[3].name}",
            "role": "${credits[3].role}"
          },
          {
            "name": "${credits[4].name}",
            "role": "${credits[4].role}"
          },
          {
            "name": "${credits[5].name}",
            "role": "${credits[5].role}"
          }
        ],
        "id": "${@s3.response.body.id}",
        "poster": "${poster}",
        "rating": 4.5,
        "title": "${title}",
        "webRef": {
          "ref": "${webRef.ref}",
          "site": "${webRef.site}"
        },
        "year": ${year}
      }
  status: Completed
Delete Movie:
  id: s6
  request:
    url: ${baseUrl}/movies/${@s3.response.body.id}
    method: DELETE
    headers:
      Accept: application/json
  response:
    status:
      code: 200
      message: OK
    headers:
      content-type: application/json; charset=utf-8
    body: |-
      {
        "status": {
          "code": 200,
          "message": "OK"
        }
      }
  status: Completed
Confirm Delete:
  id: s7
  request:
    url: ${baseUrl}/movies/${@s3.response.body.id}
    method: GET
    headers:
      Accept: application/json
  response:
    status:
      code: 404
      message: Not Found
    headers:
      content-type: application/json; charset=utf-8
    body: |-
      {
        "status": {
          "code": 404,
          "message": "Movie not found: ${@s3.response.body.id}"
        }
      }
  status: Completed
Stop:
  id: s2
  status: Completed
