postBadYear:
  request:
    url: ${baseUrl}/movies
    method: POST
    headers:
      Content-Type: application/json
    body: |-
      {
        "credits": [
          {
            "name": "Alan Crosland",
            "role": "director"
          },
          {
            "name": "Warren William",
            "role": "actor"
          },
          {
            "name": "Mary Astor",
            "role": "actor"
          },
          {
            "name": "Allen Jenkins",
            "role": "actor"
          },
          {
            "name": "Grant Mitchell",
            "role": "actor"
          },
          {
            "name": "Helen Trenholme",
            "role": "actor"
          }
        ],
        "poster": "cothd.jpg",
        "title": "The Case of the Howling Dog",
        "webRef": {
          "ref": "tt0024958",
          "site": "imdb.com"
        },
        "year": 1812
      }
  response:
    status:
      code: 400
      message: Bad Request
    headers:
      content-type: application/json; charset=utf-8
    body: |-
      {
        "status": {
          "code": 400,
          "message": "Value for 'year' (1812) should be between 1930 and 1945"
        }
      }
getMovieId:
  request:
    url: ${baseUrl}/movies?title=The Bat Whispers
    method: GET
    headers:
      Accept: application/json
  response:  # 3 ms
    status:
      code: 200
      message: OK
    headers:
      content-type: application/json; charset=utf-8
    body: |-
      {
        "movies": [
          {
            "credits": [
              {
                "name": "Roland West",
                "role": "director"
              },
              {
                "name": "Chester Morris",
                "role": "actor"
              },
              {
                "name": "Chance Ward",
                "role": "actor"
              },
              {
                "name": "Una Merkel",
                "role": "actor"
              },
              {
                "name": "Maude Eburne",
                "role": "actor"
              },
              {
                "name": "Gustav von Seyffertitz",
                "role": "actor"
              }
            ],
            "description": "Plenty of plot twists and some admirably spooky set designs ratchet up the chill level, and a healthy dose of comic relief turned in by Maude Eburne makes this an early standout of the genre.",
            "id": "d94acc51",
            "poster": "tbw.jpg",
            "rating": 4,
            "title": "The Bat Whispers",
            "webRef": {
              "ref": "tt0020668",
              "site": "imdb.com"
            },
            "year": 1930
          }
        ]
      }

patchBadRating:
  request:
    url: ${baseUrl}/movies/${@getMovieId.response.body.movies[0].id}
    method: PATCH
    headers:
      Content-Type: application/json
    body: |-
      {
        "rating": 5.2
      }
  response:
    status:
      code: 400
      message: Bad Request
    headers:
      content-type: application/json; charset=utf-8
    body: |-
      {
        "status": {
          "code": 400,
          "message": "Value for 'rating' (5.2) should be between 0 and 5"
        }
      }
