TMDB Universal Horror:
  request:
    url: https://api.themoviedb.org/3/discover/movie?primary_release_year=${tmdb.year}&with_genres=${tmdb.genre}&with_companies=${tmdb.studio}&api_key=${tmdb.key}&language=en-US&sort_by=release_date.asc
    method: GET
    headers: {}
  response:
    status:
      code: 200
      message: OK
    headers:
      content-type: application/json;charset=utf-8
    body: |-
      {
        "page": 1,
        "results": [
          {
            "adult": false,
            "backdrop_path": "/s9fkuABRgvo4ovWft8O4ywdtlRB.jpg",
            "genre_ids": [
              27,
              9648,
              878,
              53
            ],
            "id": 28421,
            "original_language": "en",
            "original_title": "The Invisible Man Returns",
            "overview": "The owner of a coal mining operation, falsely imprisoned for fratricide, takes a drug to make him invisible, despite its side effect: gradual madness.",
            "popularity": ${~.*},
            "poster_path": "/${~.*}.jpg",
            "release_date": "1940-01-12",
            "title": "The Invisible Man Returns",
            "video": false,
            "vote_average": ${~.*},
            "vote_count": ${~.*}
          },
          {
            "adult": false,
            "backdrop_path": "/qqn5yDwWZcgJcVeL2Yt1Krn0xX8.jpg",
            "genre_ids": [
              80,
              27,
              878
            ],
            "id": 13784,
            "original_language": "en",
            "original_title": "Black Friday",
            "overview": "University professor George Kingsley is struck by gangsters while crossing the street, leaving him with brain damage and one of the gangsters, Cannon, paralyzed. Kingsley's friend Dr. Sovac attends to both men, and when Cannon offers him a reward for aiding his recovery, Kovac transplants part of Cannon's brain into the dying Kingsley's skull, creating a dual personality.",
            "popularity": ${~.*},
            "poster_path": "/${~.*}.jpg",
            "release_date": "1940-02-29",
            "title": "Black Friday",
            "video": false,
            "vote_average": ${~.*},
            "vote_count": ${~.*}
          },
          {
            "adult": false,
            "backdrop_path": "/${~.*}.jpg",
            "genre_ids": [
              27,
              12,
              14
            ],
            "id": 31498,
            "original_language": "en",
            "original_title": "The Mummy's Hand",
            "overview": "A couple of young, out-of-work archaeologists in Egypt discover evidence of the burial place of the ancient Egyptian princess Ananka. After receiving funding from an eccentric magician and his beautiful daughter, they set out into the desert only to be terrorized by a sinister high priest and the living mummy Kharis who are the guardians of Anankaâ€™s tomb.",
            "popularity": ${~.*},
            "poster_path": "/${~.*}.jpg",
            "release_date": "1940-09-20",
            "title": "The Mummy's Hand",
            "video": false,
            "vote_average": ${~.*},
            "vote_count": ${~.*}
          }
        ],
        "total_pages": 1,
        "total_results": 3
      }
