Update Movie:
  request:
    url: http://localhost:3000/movies/cdbafec0
    method: PATCH
    headers:
      Accept: application/json
      Content-Type: application/json
    body: |-
      {
        "rating": 2.0
      }
  response:
    status:
      code: 200
      message: OK
    headers:
      content-type: application/json; charset=utf-8
    body: |-
      {
        "status": {
          "code": 200,
          "message": "OK"
        }
      }
